// Jest Snapshot v1, https://goo.gl/fbAQLP

exports[`SearchResultList should render correctly 1`] = `
ShallowWrapper {
  "length": 1,
  Symbol(enzyme.__root__): [Circular],
  Symbol(enzyme.__unrendered__): <SearchResultList
    matches={
      Array [
        Object {
          "id": "abc",
          "media_type": "movie",
          "release_date": "1997-10-30",
          "title": "Contact",
        },
      ]
    }
  />,
  Symbol(enzyme.__renderer__): Object {
    "batchedUpdates": [Function],
    "getNode": [Function],
    "render": [Function],
    "simulateEvent": [Function],
    "unmount": [Function],
  },
  Symbol(enzyme.__node__): Object {
    "instance": null,
    "key": undefined,
    "nodeType": "host",
    "props": Object {
      "children": <ul>
        <li
          className=""
          onClick={[Function]}
        >
          <img
            alt="Contact poster"
            className="search-poster"
            src="https://image.tmdb.org/t/p/w92undefined"
          />
          <div
            className="search-info"
          >
            <h2
              className=""
            >
              Contact
            </h2>
            <h3
              className=""
            >
              1997
            </h3>
          </div>
          <div
            className="mediatype-tag"
          >
            <h2>
              Movie
            </h2>
          </div>
        </li>
      </ul>,
      "className": "search-results",
    },
    "ref": null,
    "rendered": Object {
      "instance": null,
      "key": undefined,
      "nodeType": "host",
      "props": Object {
        "children": Array [
          <li
            className=""
            onClick={[Function]}
          >
            <img
              alt="Contact poster"
              className="search-poster"
              src="https://image.tmdb.org/t/p/w92undefined"
            />
            <div
              className="search-info"
            >
              <h2
                className=""
              >
                Contact
              </h2>
              <h3
                className=""
              >
                1997
              </h3>
            </div>
            <div
              className="mediatype-tag"
            >
              <h2>
                Movie
              </h2>
            </div>
          </li>,
        ],
      },
      "ref": null,
      "rendered": Array [
        Object {
          "instance": null,
          "key": "abc",
          "nodeType": "host",
          "props": Object {
            "children": Array [
              <img
                alt="Contact poster"
                className="search-poster"
                src="https://image.tmdb.org/t/p/w92undefined"
              />,
              <div
                className="search-info"
              >
                <h2
                  className=""
                >
                  Contact
                </h2>
                <h3
                  className=""
                >
                  1997
                </h3>
              </div>,
              <div
                className="mediatype-tag"
              >
                <h2>
                  Movie
                </h2>
              </div>,
            ],
            "className": "",
            "onClick": [Function],
          },
          "ref": null,
          "rendered": Array [
            Object {
              "instance": null,
              "key": undefined,
              "nodeType": "host",
              "props": Object {
                "alt": "Contact poster",
                "className": "search-poster",
                "src": "https://image.tmdb.org/t/p/w92undefined",
              },
              "ref": null,
              "rendered": null,
              "type": "img",
            },
            Object {
              "instance": null,
              "key": undefined,
              "nodeType": "host",
              "props": Object {
                "children": Array [
                  <h2
                    className=""
                  >
                    Contact
                  </h2>,
                  <h3
                    className=""
                  >
                    1997
                  </h3>,
                ],
                "className": "search-info",
              },
              "ref": null,
              "rendered": Array [
                Object {
                  "instance": null,
                  "key": undefined,
                  "nodeType": "host",
                  "props": Object {
                    "children": "Contact",
                    "className": "",
                  },
                  "ref": null,
                  "rendered": "Contact",
                  "type": "h2",
                },
                Object {
                  "instance": null,
                  "key": undefined,
                  "nodeType": "host",
                  "props": Object {
                    "children": "1997",
                    "className": "",
                  },
                  "ref": null,
                  "rendered": "1997",
                  "type": "h3",
                },
              ],
              "type": "div",
            },
            Object {
              "instance": null,
              "key": undefined,
              "nodeType": "host",
              "props": Object {
                "children": <h2>
                  Movie
                </h2>,
                "className": "mediatype-tag",
              },
              "ref": null,
              "rendered": Object {
                "instance": null,
                "key": undefined,
                "nodeType": "host",
                "props": Object {
                  "children": "Movie",
                },
                "ref": null,
                "rendered": "Movie",
                "type": "h2",
              },
              "type": "div",
            },
          ],
          "type": "li",
        },
      ],
      "type": "ul",
    },
    "type": "div",
  },
  Symbol(enzyme.__nodes__): Array [
    Object {
      "instance": null,
      "key": undefined,
      "nodeType": "host",
      "props": Object {
        "children": <ul>
          <li
            className=""
            onClick={[Function]}
          >
            <img
              alt="Contact poster"
              className="search-poster"
              src="https://image.tmdb.org/t/p/w92undefined"
            />
            <div
              className="search-info"
            >
              <h2
                className=""
              >
                Contact
              </h2>
              <h3
                className=""
              >
                1997
              </h3>
            </div>
            <div
              className="mediatype-tag"
            >
              <h2>
                Movie
              </h2>
            </div>
          </li>
        </ul>,
        "className": "search-results",
      },
      "ref": null,
      "rendered": Object {
        "instance": null,
        "key": undefined,
        "nodeType": "host",
        "props": Object {
          "children": Array [
            <li
              className=""
              onClick={[Function]}
            >
              <img
                alt="Contact poster"
                className="search-poster"
                src="https://image.tmdb.org/t/p/w92undefined"
              />
              <div
                className="search-info"
              >
                <h2
                  className=""
                >
                  Contact
                </h2>
                <h3
                  className=""
                >
                  1997
                </h3>
              </div>
              <div
                className="mediatype-tag"
              >
                <h2>
                  Movie
                </h2>
              </div>
            </li>,
          ],
        },
        "ref": null,
        "rendered": Array [
          Object {
            "instance": null,
            "key": "abc",
            "nodeType": "host",
            "props": Object {
              "children": Array [
                <img
                  alt="Contact poster"
                  className="search-poster"
                  src="https://image.tmdb.org/t/p/w92undefined"
                />,
                <div
                  className="search-info"
                >
                  <h2
                    className=""
                  >
                    Contact
                  </h2>
                  <h3
                    className=""
                  >
                    1997
                  </h3>
                </div>,
                <div
                  className="mediatype-tag"
                >
                  <h2>
                    Movie
                  </h2>
                </div>,
              ],
              "className": "",
              "onClick": [Function],
            },
            "ref": null,
            "rendered": Array [
              Object {
                "instance": null,
                "key": undefined,
                "nodeType": "host",
                "props": Object {
                  "alt": "Contact poster",
                  "className": "search-poster",
                  "src": "https://image.tmdb.org/t/p/w92undefined",
                },
                "ref": null,
                "rendered": null,
                "type": "img",
              },
              Object {
                "instance": null,
                "key": undefined,
                "nodeType": "host",
                "props": Object {
                  "children": Array [
                    <h2
                      className=""
                    >
                      Contact
                    </h2>,
                    <h3
                      className=""
                    >
                      1997
                    </h3>,
                  ],
                  "className": "search-info",
                },
                "ref": null,
                "rendered": Array [
                  Object {
                    "instance": null,
                    "key": undefined,
                    "nodeType": "host",
                    "props": Object {
                      "children": "Contact",
                      "className": "",
                    },
                    "ref": null,
                    "rendered": "Contact",
                    "type": "h2",
                  },
                  Object {
                    "instance": null,
                    "key": undefined,
                    "nodeType": "host",
                    "props": Object {
                      "children": "1997",
                      "className": "",
                    },
                    "ref": null,
                    "rendered": "1997",
                    "type": "h3",
                  },
                ],
                "type": "div",
              },
              Object {
                "instance": null,
                "key": undefined,
                "nodeType": "host",
                "props": Object {
                  "children": <h2>
                    Movie
                  </h2>,
                  "className": "mediatype-tag",
                },
                "ref": null,
                "rendered": Object {
                  "instance": null,
                  "key": undefined,
                  "nodeType": "host",
                  "props": Object {
                    "children": "Movie",
                  },
                  "ref": null,
                  "rendered": "Movie",
                  "type": "h2",
                },
                "type": "div",
              },
            ],
            "type": "li",
          },
        ],
        "type": "ul",
      },
      "type": "div",
    },
  ],
  Symbol(enzyme.__options__): Object {
    "adapter": ReactSixteenAdapter {
      "options": Object {
        "enableComponentDidUpdateOnSetState": true,
      },
    },
  },
}
`;
